
Running 38 tests using 1 worker

node.exe : (node:19856) Warning: The 'NO_COLOR' env is ignored due to the 'FORCE_COLOR' env being set.
At line:1 char:1
+ & "C:\Program Files\nodejs/node.exe" "C:\Program Files\nodejs/node_mo ...
+ ~~~~~~~~~~~~~~~~~~~~~~~~~~~~~~~~~~~~~~~~~~~~~~~~~~~~~~~~~~~~~~~~~~~~~
    + CategoryInfo          : NotSpecified: ((node:19856) Wa... env being set.:String) [], RemoteException
    + FullyQualifiedErrorId : NativeCommandError
 
(Use `node --trace-warnings ...` to show where the warning was created)
(node:19856) Warning: The 'NO_COLOR' env is ignored due to the 'FORCE_COLOR' env being set.
(Use `node --trace-warnings ...` to show where the warning was created)
  x   1 [Mobile Chrome] ΓÇ║ __tests__\mobile-navigation.test.ts:49:7 ΓÇ║ Mobile Navigation Tests ΓÇ║ Mobile menu button is visible on mobile viewport (395ms)
(node:13384) Warning: The 'NO_COLOR' env is ignored due to the 'FORCE_COLOR' env being set.
(Use `node --trace-warnings ...` to show where the warning was created)
(node:13384) Warning: The 'NO_COLOR' env is ignored due to the 'FORCE_COLOR' env being set.
(Use `node --trace-warnings ...` to show where the warning was created)
  x   2 [Mobile Chrome] ΓÇ║ __tests__\mobile-navigation.test.ts:56:7 ΓÇ║ Mobile Navigation Tests ΓÇ║ Mobile menu opens and closes correctly (401ms)
(node:16300) Warning: The 'NO_COLOR' env is ignored due to the 'FORCE_COLOR' env being set.
(Use `node --trace-warnings ...` to show where the warning was created)
(node:16300) Warning: The 'NO_COLOR' env is ignored due to the 'FORCE_COLOR' env being set.
(Use `node --trace-warnings ...` to show where the warning was created)
  x   3 [Mobile Chrome] ΓÇ║ __tests__\mobile-navigation.test.ts:84:7 ΓÇ║ Mobile Navigation Tests ΓÇ║ All navigation links are present in mobile menu (403ms)
(node:26388) Warning: The 'NO_COLOR' env is ignored due to the 'FORCE_COLOR' env being set.
(Use `node --trace-warnings ...` to show where the warning was created)
(node:26388) Warning: The 'NO_COLOR' env is ignored due to the 'FORCE_COLOR' env being set.
(Use `node --trace-warnings ...` to show where the warning was created)
  x   4 [Mobile Chrome] ΓÇ║ __tests__\mobile-navigation.test.ts:98:9 ΓÇ║ Mobile Navigation Tests ΓÇ║ Direct Navigation from Home Page ΓÇ║ Navigate DIRECTLY from Home to Hero section (449ms)
(node:46788) Warning: The 'NO_COLOR' env is ignored due to the 'FORCE_COLOR' env being set.
(Use `node --trace-warnings ...` to show where the warning was created)
(node:46788) Warning: The 'NO_COLOR' env is ignored due to the 'FORCE_COLOR' env being set.
(Use `node --trace-warnings ...` to show where the warning was created)
  x   5 [Mobile Chrome] ΓÇ║ __tests__\mobile-navigation.test.ts:117:9 ΓÇ║ Mobile Navigation Tests ΓÇ║ Direct Navigation from Home Page ΓÇ║ Navigate DIRECTLY from Home to Value section (382ms)
(node:31672) Warning: The 'NO_COLOR' env is ignored due to the 'FORCE_COLOR' env being set.
(Use `node --trace-warnings ...` to show where the warning was created)
(node:31672) Warning: The 'NO_COLOR' env is ignored due to the 'FORCE_COLOR' env being set.
(Use `node --trace-warnings ...` to show where the warning was created)
  x   6 [Mobile Chrome] ΓÇ║ __tests__\mobile-navigation.test.ts:138:9 ΓÇ║ Mobile Navigation Tests ΓÇ║ Direct Navigation from Home Page ΓÇ║ Navigate DIRECTLY from Home to Work section (408ms)
(node:20712) Warning: The 'NO_COLOR' env is ignored due to the 'FORCE_COLOR' env being set.
(Use `node --trace-warnings ...` to show where the warning was created)
(node:20712) Warning: The 'NO_COLOR' env is ignored due to the 'FORCE_COLOR' env being set.
(Use `node --trace-warnings ...` to show where the warning was created)
  x   7 [Mobile Chrome] ΓÇ║ __tests__\mobile-navigation.test.ts:157:9 ΓÇ║ Mobile Navigation Tests ΓÇ║ Direct Navigation from Home Page ΓÇ║ Navigate DIRECTLY from Home to Contact section (484ms)
(node:19836) Warning: The 'NO_COLOR' env is ignored due to the 'FORCE_COLOR' env being set.
(Use `node --trace-warnings ...` to show where the warning was created)
(node:19836) Warning: The 'NO_COLOR' env is ignored due to the 'FORCE_COLOR' env being set.
(Use `node --trace-warnings ...` to show where the warning was created)
  x   8 [Mobile Chrome] ΓÇ║ __tests__\mobile-navigation.test.ts:176:9 ΓÇ║ Mobile Navigation Tests ΓÇ║ Direct Navigation from Home Page ΓÇ║ Navigate DIRECTLY from Home to Resume page (351ms)
(node:39472) Warning: The 'NO_COLOR' env is ignored due to the 'FORCE_COLOR' env being set.
(Use `node --trace-warnings ...` to show where the warning was created)
(node:39472) Warning: The 'NO_COLOR' env is ignored due to the 'FORCE_COLOR' env being set.
(Use `node --trace-warnings ...` to show where the warning was created)
  x   9 [Mobile Chrome] ΓÇ║ __tests__\mobile-navigation.test.ts:201:9 ΓÇ║ Mobile Navigation Tests ΓÇ║ Direct Navigation from Resume Page ΓÇ║ Navigate DIRECTLY from Resume to Home (#hero) (384ms)
(node:11444) Warning: The 'NO_COLOR' env is ignored due to the 'FORCE_COLOR' env being set.
(Use `node --trace-warnings ...` to show where the warning was created)
(node:11444) Warning: The 'NO_COLOR' env is ignored due to the 'FORCE_COLOR' env being set.
(Use `node --trace-warnings ...` to show where the warning was created)
  x  10 [Mobile Chrome] ΓÇ║ __tests__\mobile-navigation.test.ts:221:9 ΓÇ║ Mobile Navigation Tests ΓÇ║ Direct Navigation from Resume Page ΓÇ║ Navigate DIRECTLY from Resume to Value section (383ms)
(node:26948) Warning: The 'NO_COLOR' env is ignored due to the 'FORCE_COLOR' env being set.
(Use `node --trace-warnings ...` to show where the warning was created)
(node:26948) Warning: The 'NO_COLOR' env is ignored due to the 'FORCE_COLOR' env being set.
(Use `node --trace-warnings ...` to show where the warning was created)
  x  11 [Mobile Chrome] ΓÇ║ __tests__\mobile-navigation.test.ts:240:9 ΓÇ║ Mobile Navigation Tests ΓÇ║ Direct Navigation from Resume Page ΓÇ║ Navigate DIRECTLY from Resume to Work section (412ms)
(node:11172) Warning: The 'NO_COLOR' env is ignored due to the 'FORCE_COLOR' env being set.
(Use `node --trace-warnings ...` to show where the warning was created)
(node:11172) Warning: The 'NO_COLOR' env is ignored due to the 'FORCE_COLOR' env being set.
(Use `node --trace-warnings ...` to show where the warning was created)
  x  12 [Mobile Chrome] ΓÇ║ __tests__\mobile-navigation.test.ts:258:9 ΓÇ║ Mobile Navigation Tests ΓÇ║ Direct Navigation from Resume Page ΓÇ║ Navigate DIRECTLY from Resume to Contact section (384ms)
(node:31812) Warning: The 'NO_COLOR' env is ignored due to the 'FORCE_COLOR' env being set.
(Use `node --trace-warnings ...` to show where the warning was created)
(node:31812) Warning: The 'NO_COLOR' env is ignored due to the 'FORCE_COLOR' env being set.
(Use `node --trace-warnings ...` to show where the warning was created)
  x  13 [Mobile Chrome] ΓÇ║ __tests__\mobile-navigation.test.ts:279:9 ΓÇ║ Mobile Navigation Tests ΓÇ║ Direct Navigation from Projects Page ΓÇ║ Navigate DIRECTLY from Projects to Home (#hero) (562ms)
(node:36340) Warning: The 'NO_COLOR' env is ignored due to the 'FORCE_COLOR' env being set.
(Use `node --trace-warnings ...` to show where the warning was created)
(node:36340) Warning: The 'NO_COLOR' env is ignored due to the 'FORCE_COLOR' env being set.
(Use `node --trace-warnings ...` to show where the warning was created)
  x  14 [Mobile Chrome] ΓÇ║ __tests__\mobile-navigation.test.ts:297:9 ΓÇ║ Mobile Navigation Tests ΓÇ║ Direct Navigation from Projects Page ΓÇ║ Navigate DIRECTLY from Projects to Value section (449ms)
(node:41412) Warning: The 'NO_COLOR' env is ignored due to the 'FORCE_COLOR' env being set.
(Use `node --trace-warnings ...` to show where the warning was created)
(node:41412) Warning: The 'NO_COLOR' env is ignored due to the 'FORCE_COLOR' env being set.
(Use `node --trace-warnings ...` to show where the warning was created)
  x  15 [Mobile Chrome] ΓÇ║ __tests__\mobile-navigation.test.ts:315:9 ΓÇ║ Mobile Navigation Tests ΓÇ║ Direct Navigation from Projects Page ΓÇ║ Navigate DIRECTLY from Projects to Work section (381ms)
(node:22280) Warning: The 'NO_COLOR' env is ignored due to the 'FORCE_COLOR' env being set.
(Use `node --trace-warnings ...` to show where the warning was created)
(node:22280) Warning: The 'NO_COLOR' env is ignored due to the 'FORCE_COLOR' env being set.
(Use `node --trace-warnings ...` to show where the warning was created)
  x  16 [Mobile Chrome] ΓÇ║ __tests__\mobile-navigation.test.ts:333:9 ΓÇ║ Mobile Navigation Tests ΓÇ║ Direct Navigation from Projects Page ΓÇ║ Navigate DIRECTLY from Projects to Contact section (397ms)
(node:25368) Warning: The 'NO_COLOR' env is ignored due to the 'FORCE_COLOR' env being set.
(Use `node --trace-warnings ...` to show where the warning was created)
(node:25368) Warning: The 'NO_COLOR' env is ignored due to the 'FORCE_COLOR' env being set.
(Use `node --trace-warnings ...` to show where the warning was created)
  x  17 [Mobile Chrome] ΓÇ║ __tests__\mobile-navigation.test.ts:351:9 ΓÇ║ Mobile Navigation Tests ΓÇ║ Direct Navigation from Projects Page ΓÇ║ Navigate DIRECTLY from Projects to Resume page (365ms)
(node:43092) Warning: The 'NO_COLOR' env is ignored due to the 'FORCE_COLOR' env being set.
(Use `node --trace-warnings ...` to show where the warning was created)
(node:43092) Warning: The 'NO_COLOR' env is ignored due to the 'FORCE_COLOR' env being set.
(Use `node --trace-warnings ...` to show where the warning was created)
  x  18 [Mobile Chrome] ΓÇ║ __tests__\mobile-navigation.test.ts:370:9 ΓÇ║ Mobile Navigation Tests ΓÇ║ Logo Navigation ΓÇ║ Logo navigates DIRECTLY to home from Resume page (416ms)
(node:20012) Warning: The 'NO_COLOR' env is ignored due to the 'FORCE_COLOR' env being set.
(Use `node --trace-warnings ...` to show where the warning was created)
(node:20012) Warning: The 'NO_COLOR' env is ignored due to the 'FORCE_COLOR' env being set.
(Use `node --trace-warnings ...` to show where the warning was created)
  x  19 [Mobile Chrome] ΓÇ║ __tests__\mobile-navigation.test.ts:383:9 ΓÇ║ Mobile Navigation Tests ΓÇ║ Logo Navigation ΓÇ║ Logo navigates DIRECTLY to home from Projects page (375ms)
(node:32872) Warning: The 'NO_COLOR' env is ignored due to the 'FORCE_COLOR' env being set.
(Use `node --trace-warnings ...` to show where the warning was created)
(node:32872) Warning: The 'NO_COLOR' env is ignored due to the 'FORCE_COLOR' env being set.
(Use `node --trace-warnings ...` to show where the warning was created)
  x  20 [Mobile Chrome] ΓÇ║ __tests__\mobile-navigation.test.ts:415:13 ΓÇ║ Mobile Navigation Tests ΓÇ║ Comprehensive Direct Navigation Matrix ΓÇ║ DIRECT: Home ΓåÆ Hero (373ms)
(node:47480) Warning: The 'NO_COLOR' env is ignored due to the 'FORCE_COLOR' env being set.
(Use `node --trace-warnings ...` to show where the warning was created)
(node:47480) Warning: The 'NO_COLOR' env is ignored due to the 'FORCE_COLOR' env being set.
(Use `node --trace-warnings ...` to show where the warning was created)
  x  21 [Mobile Chrome] ΓÇ║ __tests__\mobile-navigation.test.ts:415:13 ΓÇ║ Mobile Navigation Tests ΓÇ║ Comprehensive Direct Navigation Matrix ΓÇ║ DIRECT: Home ΓåÆ Value (371ms)
(node:48584) Warning: The 'NO_COLOR' env is ignored due to the 'FORCE_COLOR' env being set.
(Use `node --trace-warnings ...` to show where the warning was created)
(node:48584) Warning: The 'NO_COLOR' env is ignored due to the 'FORCE_COLOR' env being set.
(Use `node --trace-warnings ...` to show where the warning was created)
  x  22 [Mobile Chrome] ΓÇ║ __tests__\mobile-navigation.test.ts:415:13 ΓÇ║ Mobile Navigation Tests ΓÇ║ Comprehensive Direct Navigation Matrix ΓÇ║ DIRECT: Home ΓåÆ Work (386ms)
(node:12512) Warning: The 'NO_COLOR' env is ignored due to the 'FORCE_COLOR' env being set.
(Use `node --trace-warnings ...` to show where the warning was created)
(node:12512) Warning: The 'NO_COLOR' env is ignored due to the 'FORCE_COLOR' env being set.
(Use `node --trace-warnings ...` to show where the warning was created)
  x  23 [Mobile Chrome] ΓÇ║ __tests__\mobile-navigation.test.ts:415:13 ΓÇ║ Mobile Navigation Tests ΓÇ║ Comprehensive Direct Navigation Matrix ΓÇ║ DIRECT: Home ΓåÆ Contact (393ms)
(node:12072) Warning: The 'NO_COLOR' env is ignored due to the 'FORCE_COLOR' env being set.
(Use `node --trace-warnings ...` to show where the warning was created)
(node:12072) Warning: The 'NO_COLOR' env is ignored due to the 'FORCE_COLOR' env being set.
(Use `node --trace-warnings ...` to show where the warning was created)
  x  24 [Mobile Chrome] ΓÇ║ __tests__\mobile-navigation.test.ts:415:13 ΓÇ║ Mobile Navigation Tests ΓÇ║ Comprehensive Direct Navigation Matrix ΓÇ║ DIRECT: Resume ΓåÆ Hero (377ms)
(node:20568) Warning: The 'NO_COLOR' env is ignored due to the 'FORCE_COLOR' env being set.
(Use `node --trace-warnings ...` to show where the warning was created)
(node:20568) Warning: The 'NO_COLOR' env is ignored due to the 'FORCE_COLOR' env being set.
(Use `node --trace-warnings ...` to show where the warning was created)
  x  25 [Mobile Chrome] ΓÇ║ __tests__\mobile-navigation.test.ts:415:13 ΓÇ║ Mobile Navigation Tests ΓÇ║ Comprehensive Direct Navigation Matrix ΓÇ║ DIRECT: Resume ΓåÆ Value (487ms)
(node:14796) Warning: The 'NO_COLOR' env is ignored due to the 'FORCE_COLOR' env being set.
(Use `node --trace-warnings ...` to show where the warning was created)
(node:14796) Warning: The 'NO_COLOR' env is ignored due to the 'FORCE_COLOR' env being set.
(Use `node --trace-warnings ...` to show where the warning was created)
  x  26 [Mobile Chrome] ΓÇ║ __tests__\mobile-navigation.test.ts:415:13 ΓÇ║ Mobile Navigation Tests ΓÇ║ Comprehensive Direct Navigation Matrix ΓÇ║ DIRECT: Resume ΓåÆ Work (385ms)
(node:13948) Warning: The 'NO_COLOR' env is ignored due to the 'FORCE_COLOR' env being set.
(Use `node --trace-warnings ...` to show where the warning was created)
(node:13948) Warning: The 'NO_COLOR' env is ignored due to the 'FORCE_COLOR' env being set.
(Use `node --trace-warnings ...` to show where the warning was created)
  x  27 [Mobile Chrome] ΓÇ║ __tests__\mobile-navigation.test.ts:415:13 ΓÇ║ Mobile Navigation Tests ΓÇ║ Comprehensive Direct Navigation Matrix ΓÇ║ DIRECT: Resume ΓåÆ Contact (364ms)
(node:49140) Warning: The 'NO_COLOR' env is ignored due to the 'FORCE_COLOR' env being set.
(Use `node --trace-warnings ...` to show where the warning was created)
(node:49140) Warning: The 'NO_COLOR' env is ignored due to the 'FORCE_COLOR' env being set.
(Use `node --trace-warnings ...` to show where the warning was created)
  x  28 [Mobile Chrome] ΓÇ║ __tests__\mobile-navigation.test.ts:415:13 ΓÇ║ Mobile Navigation Tests ΓÇ║ Comprehensive Direct Navigation Matrix ΓÇ║ DIRECT: Projects ΓåÆ Hero (360ms)
(node:41484) Warning: The 'NO_COLOR' env is ignored due to the 'FORCE_COLOR' env being set.
(Use `node --trace-warnings ...` to show where the warning was created)
(node:41484) Warning: The 'NO_COLOR' env is ignored due to the 'FORCE_COLOR' env being set.
(Use `node --trace-warnings ...` to show where the warning was created)
  x  29 [Mobile Chrome] ΓÇ║ __tests__\mobile-navigation.test.ts:415:13 ΓÇ║ Mobile Navigation Tests ΓÇ║ Comprehensive Direct Navigation Matrix ΓÇ║ DIRECT: Projects ΓåÆ Value (388ms)
(node:40764) Warning: The 'NO_COLOR' env is ignored due to the 'FORCE_COLOR' env being set.
(Use `node --trace-warnings ...` to show where the warning was created)
(node:40764) Warning: The 'NO_COLOR' env is ignored due to the 'FORCE_COLOR' env being set.
(Use `node --trace-warnings ...` to show where the warning was created)
  x  30 [Mobile Chrome] ΓÇ║ __tests__\mobile-navigation.test.ts:415:13 ΓÇ║ Mobile Navigation Tests ΓÇ║ Comprehensive Direct Navigation Matrix ΓÇ║ DIRECT: Projects ΓåÆ Work (396ms)
(node:38620) Warning: The 'NO_COLOR' env is ignored due to the 'FORCE_COLOR' env being set.
(Use `node --trace-warnings ...` to show where the warning was created)
(node:38620) Warning: The 'NO_COLOR' env is ignored due to the 'FORCE_COLOR' env being set.
(Use `node --trace-warnings ...` to show where the warning was created)
  x  31 [Mobile Chrome] ΓÇ║ __tests__\mobile-navigation.test.ts:415:13 ΓÇ║ Mobile Navigation Tests ΓÇ║ Comprehensive Direct Navigation Matrix ΓÇ║ DIRECT: Projects ΓåÆ Contact (407ms)
(node:24336) Warning: The 'NO_COLOR' env is ignored due to the 'FORCE_COLOR' env being set.
(Use `node --trace-warnings ...` to show where the warning was created)
(node:24336) Warning: The 'NO_COLOR' env is ignored due to the 'FORCE_COLOR' env being set.
(Use `node --trace-warnings ...` to show where the warning was created)
  x  32 [Mobile Chrome] ΓÇ║ __tests__\mobile-navigation.test.ts:445:15 ΓÇ║ Mobile Navigation Tests ΓÇ║ Comprehensive Direct Navigation Matrix ΓÇ║ DIRECT: Home ΓåÆ Resume (614ms)
(node:48724) Warning: The 'NO_COLOR' env is ignored due to the 'FORCE_COLOR' env being set.
(Use `node --trace-warnings ...` to show where the warning was created)
(node:48724) Warning: The 'NO_COLOR' env is ignored due to the 'FORCE_COLOR' env being set.
(Use `node --trace-warnings ...` to show where the warning was created)
  x  33 [Mobile Chrome] ΓÇ║ __tests__\mobile-navigation.test.ts:445:15 ΓÇ║ Mobile Navigation Tests ΓÇ║ Comprehensive Direct Navigation Matrix ΓÇ║ DIRECT: Home ΓåÆ Projects (394ms)
(node:4964) Warning: The 'NO_COLOR' env is ignored due to the 'FORCE_COLOR' env being set.
(Use `node --trace-warnings ...` to show where the warning was created)
(node:4964) Warning: The 'NO_COLOR' env is ignored due to the 'FORCE_COLOR' env being set.
(Use `node --trace-warnings ...` to show where the warning was created)
  x  34 [Mobile Chrome] ΓÇ║ __tests__\mobile-navigation.test.ts:445:15 ΓÇ║ Mobile Navigation Tests ΓÇ║ Comprehensive Direct Navigation Matrix ΓÇ║ DIRECT: Resume ΓåÆ Home (778ms)
(node:47192) Warning: The 'NO_COLOR' env is ignored due to the 'FORCE_COLOR' env being set.
(Use `node --trace-warnings ...` to show where the warning was created)
(node:47192) Warning: The 'NO_COLOR' env is ignored due to the 'FORCE_COLOR' env being set.
(Use `node --trace-warnings ...` to show where the warning was created)
  x  35 [Mobile Chrome] ΓÇ║ __tests__\mobile-navigation.test.ts:445:15 ΓÇ║ Mobile Navigation Tests ΓÇ║ Comprehensive Direct Navigation Matrix ΓÇ║ DIRECT: Resume ΓåÆ Projects (369ms)
(node:17260) Warning: The 'NO_COLOR' env is ignored due to the 'FORCE_COLOR' env being set.
(Use `node --trace-warnings ...` to show where the warning was created)
(node:17260) Warning: The 'NO_COLOR' env is ignored due to the 'FORCE_COLOR' env being set.
(Use `node --trace-warnings ...` to show where the warning was created)
  x  36 [Mobile Chrome] ΓÇ║ __tests__\mobile-navigation.test.ts:445:15 ΓÇ║ Mobile Navigation Tests ΓÇ║ Comprehensive Direct Navigation Matrix ΓÇ║ DIRECT: Projects ΓåÆ Home (400ms)
(node:17696) Warning: The 'NO_COLOR' env is ignored due to the 'FORCE_COLOR' env being set.
(Use `node --trace-warnings ...` to show where the warning was created)
(node:17696) Warning: The 'NO_COLOR' env is ignored due to the 'FORCE_COLOR' env being set.
(Use `node --trace-warnings ...` to show where the warning was created)
  x  37 [Mobile Chrome] ΓÇ║ __tests__\mobile-navigation.test.ts:445:15 ΓÇ║ Mobile Navigation Tests ΓÇ║ Comprehensive Direct Navigation Matrix ΓÇ║ DIRECT: Projects ΓåÆ Resume (380ms)
(node:33404) Warning: The 'NO_COLOR' env is ignored due to the 'FORCE_COLOR' env being set.
(Use `node --trace-warnings ...` to show where the warning was created)
(node:33404) Warning: The 'NO_COLOR' env is ignored due to the 'FORCE_COLOR' env being set.
(Use `node --trace-warnings ...` to show where the warning was created)
  x  38 [Mobile Chrome] ΓÇ║ __tests__\mobile-navigation.test.ts:483:7 ΓÇ║ Mobile Navigation Tests ΓÇ║ Verify no intermediate navigation when going from Resume to Value (381ms)


  1) [Mobile Chrome] ΓÇ║ __tests__\mobile-navigation.test.ts:49:7 ΓÇ║ Mobile Navigation Tests ΓÇ║ Mobile menu button is visible on mobile viewport 

    [31mTest timeout of 300ms exceeded while running "beforeEach" hook.[39m

      42 |
      43 | test.describe('Mobile Navigation Tests', () => {
    > 44 |   test.beforeEach(async ({ page }) => {
         |        ^
      45 |     // Set mobile viewport
      46 |     await page.setViewportSize({ width: 375, height: 667 })
      47 |   })
        at D:\OneDrive - Interloop Limited\Docs\RMH-Resume\portfolio\__tests__\mobile-navigation.test.ts:44:8

    Error: browserContext.newPage: Test timeout of 300ms exceeded.

  2) [Mobile Chrome] ΓÇ║ __tests__\mobile-navigation.test.ts:56:7 ΓÇ║ Mobile Navigation Tests ΓÇ║ Mobile menu opens and closes correctly 

    [31mTest timeout of 300ms exceeded while running "beforeEach" hook.[39m

      42 |
      43 | test.describe('Mobile Navigation Tests', () => {
    > 44 |   test.beforeEach(async ({ page }) => {
         |        ^
      45 |     // Set mobile viewport
      46 |     await page.setViewportSize({ width: 375, height: 667 })
      47 |   })
        at D:\OneDrive - Interloop Limited\Docs\RMH-Resume\portfolio\__tests__\mobile-navigation.test.ts:44:8

    Error: browserContext.newPage: Test timeout of 300ms exceeded.

  3) [Mobile Chrome] ΓÇ║ __tests__\mobile-navigation.test.ts:84:7 ΓÇ║ Mobile Navigation Tests ΓÇ║ All navigation links are present in mobile menu 

    [31mTest timeout of 300ms exceeded while running "beforeEach" hook.[39m

      42 |
      43 | test.describe('Mobile Navigation Tests', () => {
    > 44 |   test.beforeEach(async ({ page }) => {
         |        ^
      45 |     // Set mobile viewport
      46 |     await page.setViewportSize({ width: 375, height: 667 })
      47 |   })
        at D:\OneDrive - Interloop Limited\Docs\RMH-Resume\portfolio\__tests__\mobile-navigation.test.ts:44:8

    Error: browserContext.newPage: Test timeout of 300ms exceeded.

  4) [Mobile Chrome] ΓÇ║ __tests__\mobile-navigation.test.ts:98:9 ΓÇ║ Mobile Navigation Tests ΓÇ║ Direct Navigation from Home Page ΓÇ║ Navigate DIRECTLY from Home to Hero section 

    [31mTest timeout of 300ms exceeded while running "beforeEach" hook.[39m

      42 |
      43 | test.describe('Mobile Navigation Tests', () => {
    > 44 |   test.beforeEach(async ({ page }) => {
         |        ^
      45 |     // Set mobile viewport
      46 |     await page.setViewportSize({ width: 375, height: 667 })
      47 |   })
        at D:\OneDrive - Interloop Limited\Docs\RMH-Resume\portfolio\__tests__\mobile-navigation.test.ts:44:8

    Error: browserContext.newPage: Test timeout of 300ms exceeded.

  5) [Mobile Chrome] ΓÇ║ __tests__\mobile-navigation.test.ts:117:9 ΓÇ║ Mobile Navigation Tests ΓÇ║ Direct Navigation from Home Page ΓÇ║ Navigate DIRECTLY from Home to Value section 

    [31mTest timeout of 300ms exceeded while running "beforeEach" hook.[39m

      42 |
      43 | test.describe('Mobile Navigation Tests', () => {
    > 44 |   test.beforeEach(async ({ page }) => {
         |        ^
      45 |     // Set mobile viewport
      46 |     await page.setViewportSize({ width: 375, height: 667 })
      47 |   })
        at D:\OneDrive - Interloop Limited\Docs\RMH-Resume\portfolio\__tests__\mobile-navigation.test.ts:44:8

    Error: browserContext.newPage: Test timeout of 300ms exceeded.

  6) [Mobile Chrome] ΓÇ║ __tests__\mobile-navigation.test.ts:138:9 ΓÇ║ Mobile Navigation Tests ΓÇ║ Direct Navigation from Home Page ΓÇ║ Navigate DIRECTLY from Home to Work section 

    [31mTest timeout of 300ms exceeded while running "beforeEach" hook.[39m

      42 |
      43 | test.describe('Mobile Navigation Tests', () => {
    > 44 |   test.beforeEach(async ({ page }) => {
         |        ^
      45 |     // Set mobile viewport
      46 |     await page.setViewportSize({ width: 375, height: 667 })
      47 |   })
        at D:\OneDrive - Interloop Limited\Docs\RMH-Resume\portfolio\__tests__\mobile-navigation.test.ts:44:8

    Error: browserContext.newPage: Test timeout of 300ms exceeded.

  7) [Mobile Chrome] ΓÇ║ __tests__\mobile-navigation.test.ts:157:9 ΓÇ║ Mobile Navigation Tests ΓÇ║ Direct Navigation from Home Page ΓÇ║ Navigate DIRECTLY from Home to Contact section 

    [31mTest timeout of 300ms exceeded while running "beforeEach" hook.[39m

      42 |
      43 | test.describe('Mobile Navigation Tests', () => {
    > 44 |   test.beforeEach(async ({ page }) => {
         |        ^
      45 |     // Set mobile viewport
      46 |     await page.setViewportSize({ width: 375, height: 667 })
      47 |   })
        at D:\OneDrive - Interloop Limited\Docs\RMH-Resume\portfolio\__tests__\mobile-navigation.test.ts:44:8

    Error: browserContext.newPage: Test timeout of 300ms exceeded.

  8) [Mobile Chrome] ΓÇ║ __tests__\mobile-navigation.test.ts:176:9 ΓÇ║ Mobile Navigation Tests ΓÇ║ Direct Navigation from Home Page ΓÇ║ Navigate DIRECTLY from Home to Resume page 

    [31mTest timeout of 300ms exceeded while running "beforeEach" hook.[39m

      42 |
      43 | test.describe('Mobile Navigation Tests', () => {
    > 44 |   test.beforeEach(async ({ page }) => {
         |        ^
      45 |     // Set mobile viewport
      46 |     await page.setViewportSize({ width: 375, height: 667 })
      47 |   })
        at D:\OneDrive - Interloop Limited\Docs\RMH-Resume\portfolio\__tests__\mobile-navigation.test.ts:44:8

    Error: browserContext.newPage: Test timeout of 300ms exceeded.

  9) [Mobile Chrome] ΓÇ║ __tests__\mobile-navigation.test.ts:201:9 ΓÇ║ Mobile Navigation Tests ΓÇ║ Direct Navigation from Resume Page ΓÇ║ Navigate DIRECTLY from Resume to Home (#hero) 

    [31mTest timeout of 300ms exceeded while running "beforeEach" hook.[39m

      42 |
      43 | test.describe('Mobile Navigation Tests', () => {
    > 44 |   test.beforeEach(async ({ page }) => {
         |        ^
      45 |     // Set mobile viewport
      46 |     await page.setViewportSize({ width: 375, height: 667 })
      47 |   })
        at D:\OneDrive - Interloop Limited\Docs\RMH-Resume\portfolio\__tests__\mobile-navigation.test.ts:44:8

    Error: browserContext.newPage: Test timeout of 300ms exceeded.

  10) [Mobile Chrome] ΓÇ║ __tests__\mobile-navigation.test.ts:221:9 ΓÇ║ Mobile Navigation Tests ΓÇ║ Direct Navigation from Resume Page ΓÇ║ Navigate DIRECTLY from Resume to Value section 

    [31mTest timeout of 300ms exceeded while running "beforeEach" hook.[39m

      42 |
      43 | test.describe('Mobile Navigation Tests', () => {
    > 44 |   test.beforeEach(async ({ page }) => {
         |        ^
      45 |     // Set mobile viewport
      46 |     await page.setViewportSize({ width: 375, height: 667 })
      47 |   })
        at D:\OneDrive - Interloop Limited\Docs\RMH-Resume\portfolio\__tests__\mobile-navigation.test.ts:44:8

    Error: browserContext.newPage: Test timeout of 300ms exceeded.

  11) [Mobile Chrome] ΓÇ║ __tests__\mobile-navigation.test.ts:240:9 ΓÇ║ Mobile Navigation Tests ΓÇ║ Direct Navigation from Resume Page ΓÇ║ Navigate DIRECTLY from Resume to Work section 

    [31mTest timeout of 300ms exceeded while running "beforeEach" hook.[39m

      42 |
      43 | test.describe('Mobile Navigation Tests', () => {
    > 44 |   test.beforeEach(async ({ page }) => {
         |        ^
      45 |     // Set mobile viewport
      46 |     await page.setViewportSize({ width: 375, height: 667 })
      47 |   })
        at D:\OneDrive - Interloop Limited\Docs\RMH-Resume\portfolio\__tests__\mobile-navigation.test.ts:44:8

    Error: browserContext.newPage: Test timeout of 300ms exceeded.

  12) [Mobile Chrome] ΓÇ║ __tests__\mobile-navigation.test.ts:258:9 ΓÇ║ Mobile Navigation Tests ΓÇ║ Direct Navigation from Resume Page ΓÇ║ Navigate DIRECTLY from Resume to Contact section 

    [31mTest timeout of 300ms exceeded while running "beforeEach" hook.[39m

      42 |
      43 | test.describe('Mobile Navigation Tests', () => {
    > 44 |   test.beforeEach(async ({ page }) => {
         |        ^
      45 |     // Set mobile viewport
      46 |     await page.setViewportSize({ width: 375, height: 667 })
      47 |   })
        at D:\OneDrive - Interloop Limited\Docs\RMH-Resume\portfolio\__tests__\mobile-navigation.test.ts:44:8

    Error: browserContext.newPage: Test timeout of 300ms exceeded.

  13) [Mobile Chrome] ΓÇ║ __tests__\mobile-navigation.test.ts:279:9 ΓÇ║ Mobile Navigation Tests ΓÇ║ Direct Navigation from Projects Page ΓÇ║ Navigate DIRECTLY from Projects to Home (#hero) 

    [31mTest timeout of 300ms exceeded while running "beforeEach" hook.[39m

      42 |
      43 | test.describe('Mobile Navigation Tests', () => {
    > 44 |   test.beforeEach(async ({ page }) => {
         |        ^
      45 |     // Set mobile viewport
      46 |     await page.setViewportSize({ width: 375, height: 667 })
      47 |   })
        at D:\OneDrive - Interloop Limited\Docs\RMH-Resume\portfolio\__tests__\mobile-navigation.test.ts:44:8

    Error: browserContext.newPage: Test timeout of 300ms exceeded.

  14) [Mobile Chrome] ΓÇ║ __tests__\mobile-navigation.test.ts:297:9 ΓÇ║ Mobile Navigation Tests ΓÇ║ Direct Navigation from Projects Page ΓÇ║ Navigate DIRECTLY from Projects to Value section 

    [31mTest timeout of 300ms exceeded while running "beforeEach" hook.[39m

      42 |
      43 | test.describe('Mobile Navigation Tests', () => {
    > 44 |   test.beforeEach(async ({ page }) => {
         |        ^
      45 |     // Set mobile viewport
      46 |     await page.setViewportSize({ width: 375, height: 667 })
      47 |   })
        at D:\OneDrive - Interloop Limited\Docs\RMH-Resume\portfolio\__tests__\mobile-navigation.test.ts:44:8

    Error: browserContext.newPage: Test timeout of 300ms exceeded.

  15) [Mobile Chrome] ΓÇ║ __tests__\mobile-navigation.test.ts:315:9 ΓÇ║ Mobile Navigation Tests ΓÇ║ Direct Navigation from Projects Page ΓÇ║ Navigate DIRECTLY from Projects to Work section 

    [31mTest timeout of 300ms exceeded while running "beforeEach" hook.[39m

      42 |
      43 | test.describe('Mobile Navigation Tests', () => {
    > 44 |   test.beforeEach(async ({ page }) => {
         |        ^
      45 |     // Set mobile viewport
      46 |     await page.setViewportSize({ width: 375, height: 667 })
      47 |   })
        at D:\OneDrive - Interloop Limited\Docs\RMH-Resume\portfolio\__tests__\mobile-navigation.test.ts:44:8

    Error: browserContext.newPage: Test timeout of 300ms exceeded.

  16) [Mobile Chrome] ΓÇ║ __tests__\mobile-navigation.test.ts:333:9 ΓÇ║ Mobile Navigation Tests ΓÇ║ Direct Navigation from Projects Page ΓÇ║ Navigate DIRECTLY from Projects to Contact section 

    [31mTest timeout of 300ms exceeded while running "beforeEach" hook.[39m

      42 |
      43 | test.describe('Mobile Navigation Tests', () => {
    > 44 |   test.beforeEach(async ({ page }) => {
         |        ^
      45 |     // Set mobile viewport
      46 |     await page.setViewportSize({ width: 375, height: 667 })
      47 |   })
        at D:\OneDrive - Interloop Limited\Docs\RMH-Resume\portfolio\__tests__\mobile-navigation.test.ts:44:8

    Error: browserContext.newPage: Test timeout of 300ms exceeded.

  17) [Mobile Chrome] ΓÇ║ __tests__\mobile-navigation.test.ts:351:9 ΓÇ║ Mobile Navigation Tests ΓÇ║ Direct Navigation from Projects Page ΓÇ║ Navigate DIRECTLY from Projects to Resume page 

    [31mTest timeout of 300ms exceeded while running "beforeEach" hook.[39m

      42 |
      43 | test.describe('Mobile Navigation Tests', () => {
    > 44 |   test.beforeEach(async ({ page }) => {
         |        ^
      45 |     // Set mobile viewport
      46 |     await page.setViewportSize({ width: 375, height: 667 })
      47 |   })
        at D:\OneDrive - Interloop Limited\Docs\RMH-Resume\portfolio\__tests__\mobile-navigation.test.ts:44:8

    Error: browserContext.newPage: Test timeout of 300ms exceeded.

  18) [Mobile Chrome] ΓÇ║ __tests__\mobile-navigation.test.ts:370:9 ΓÇ║ Mobile Navigation Tests ΓÇ║ Logo Navigation ΓÇ║ Logo navigates DIRECTLY to home from Resume page 

    [31mTest timeout of 300ms exceeded while running "beforeEach" hook.[39m

      42 |
      43 | test.describe('Mobile Navigation Tests', () => {
    > 44 |   test.beforeEach(async ({ page }) => {
         |        ^
      45 |     // Set mobile viewport
      46 |     await page.setViewportSize({ width: 375, height: 667 })
      47 |   })
        at D:\OneDrive - Interloop Limited\Docs\RMH-Resume\portfolio\__tests__\mobile-navigation.test.ts:44:8

    Error: browserContext.newPage: Test timeout of 300ms exceeded.

  19) [Mobile Chrome] ΓÇ║ __tests__\mobile-navigation.test.ts:383:9 ΓÇ║ Mobile Navigation Tests ΓÇ║ Logo Navigation ΓÇ║ Logo navigates DIRECTLY to home from Projects page 

    [31mTest timeout of 300ms exceeded while running "beforeEach" hook.[39m

      42 |
      43 | test.describe('Mobile Navigation Tests', () => {
    > 44 |   test.beforeEach(async ({ page }) => {
         |        ^
      45 |     // Set mobile viewport
      46 |     await page.setViewportSize({ width: 375, height: 667 })
      47 |   })
        at D:\OneDrive - Interloop Limited\Docs\RMH-Resume\portfolio\__tests__\mobile-navigation.test.ts:44:8

    Error: browserContext.newPage: Test timeout of 300ms exceeded.

  20) [Mobile Chrome] ΓÇ║ __tests__\mobile-navigation.test.ts:415:13 ΓÇ║ Mobile Navigation Tests ΓÇ║ Comprehensive Direct Navigation Matrix ΓÇ║ DIRECT: Home ΓåÆ Hero 

    [31mTest timeout of 300ms exceeded while running "beforeEach" hook.[39m

      42 |
      43 | test.describe('Mobile Navigation Tests', () => {
    > 44 |   test.beforeEach(async ({ page }) => {
         |        ^
      45 |     // Set mobile viewport
      46 |     await page.setViewportSize({ width: 375, height: 667 })
      47 |   })
        at D:\OneDrive - Interloop Limited\Docs\RMH-Resume\portfolio\__tests__\mobile-navigation.test.ts:44:8

    Error: browserContext.newPage: Test timeout of 300ms exceeded.

  21) [Mobile Chrome] ΓÇ║ __tests__\mobile-navigation.test.ts:415:13 ΓÇ║ Mobile Navigation Tests ΓÇ║ Comprehensive Direct Navigation Matrix ΓÇ║ DIRECT: Home ΓåÆ Value 

    [31mTest timeout of 300ms exceeded while running "beforeEach" hook.[39m

      42 |
      43 | test.describe('Mobile Navigation Tests', () => {
    > 44 |   test.beforeEach(async ({ page }) => {
         |        ^
      45 |     // Set mobile viewport
      46 |     await page.setViewportSize({ width: 375, height: 667 })
      47 |   })
        at D:\OneDrive - Interloop Limited\Docs\RMH-Resume\portfolio\__tests__\mobile-navigation.test.ts:44:8

    Error: browserContext.newPage: Test timeout of 300ms exceeded.

  22) [Mobile Chrome] ΓÇ║ __tests__\mobile-navigation.test.ts:415:13 ΓÇ║ Mobile Navigation Tests ΓÇ║ Comprehensive Direct Navigation Matrix ΓÇ║ DIRECT: Home ΓåÆ Work 

    [31mTest timeout of 300ms exceeded while running "beforeEach" hook.[39m

      42 |
      43 | test.describe('Mobile Navigation Tests', () => {
    > 44 |   test.beforeEach(async ({ page }) => {
         |        ^
      45 |     // Set mobile viewport
      46 |     await page.setViewportSize({ width: 375, height: 667 })
      47 |   })
        at D:\OneDrive - Interloop Limited\Docs\RMH-Resume\portfolio\__tests__\mobile-navigation.test.ts:44:8

    Error: browserContext.newPage: Test timeout of 300ms exceeded.

  23) [Mobile Chrome] ΓÇ║ __tests__\mobile-navigation.test.ts:415:13 ΓÇ║ Mobile Navigation Tests ΓÇ║ Comprehensive Direct Navigation Matrix ΓÇ║ DIRECT: Home ΓåÆ Contact 

    [31mTest timeout of 300ms exceeded while running "beforeEach" hook.[39m

      42 |
      43 | test.describe('Mobile Navigation Tests', () => {
    > 44 |   test.beforeEach(async ({ page }) => {
         |        ^
      45 |     // Set mobile viewport
      46 |     await page.setViewportSize({ width: 375, height: 667 })
      47 |   })
        at D:\OneDrive - Interloop Limited\Docs\RMH-Resume\portfolio\__tests__\mobile-navigation.test.ts:44:8

    Error: browserContext.newPage: Test timeout of 300ms exceeded.

  24) [Mobile Chrome] ΓÇ║ __tests__\mobile-navigation.test.ts:415:13 ΓÇ║ Mobile Navigation Tests ΓÇ║ Comprehensive Direct Navigation Matrix ΓÇ║ DIRECT: Resume ΓåÆ Hero 

    [31mTest timeout of 300ms exceeded while running "beforeEach" hook.[39m

      42 |
      43 | test.describe('Mobile Navigation Tests', () => {
    > 44 |   test.beforeEach(async ({ page }) => {
         |        ^
      45 |     // Set mobile viewport
      46 |     await page.setViewportSize({ width: 375, height: 667 })
      47 |   })
        at D:\OneDrive - Interloop Limited\Docs\RMH-Resume\portfolio\__tests__\mobile-navigation.test.ts:44:8

    Error: browserContext.newPage: Test timeout of 300ms exceeded.

  25) [Mobile Chrome] ΓÇ║ __tests__\mobile-navigation.test.ts:415:13 ΓÇ║ Mobile Navigation Tests ΓÇ║ Comprehensive Direct Navigation Matrix ΓÇ║ DIRECT: Resume ΓåÆ Value 

    [31mTest timeout of 300ms exceeded while running "beforeEach" hook.[39m

      42 |
      43 | test.describe('Mobile Navigation Tests', () => {
    > 44 |   test.beforeEach(async ({ page }) => {
         |        ^
      45 |     // Set mobile viewport
      46 |     await page.setViewportSize({ width: 375, height: 667 })
      47 |   })
        at D:\OneDrive - Interloop Limited\Docs\RMH-Resume\portfolio\__tests__\mobile-navigation.test.ts:44:8

    Error: browserContext.newPage: Test timeout of 300ms exceeded.

  26) [Mobile Chrome] ΓÇ║ __tests__\mobile-navigation.test.ts:415:13 ΓÇ║ Mobile Navigation Tests ΓÇ║ Comprehensive Direct Navigation Matrix ΓÇ║ DIRECT: Resume ΓåÆ Work 

    [31mTest timeout of 300ms exceeded while running "beforeEach" hook.[39m

      42 |
      43 | test.describe('Mobile Navigation Tests', () => {
    > 44 |   test.beforeEach(async ({ page }) => {
         |        ^
      45 |     // Set mobile viewport
      46 |     await page.setViewportSize({ width: 375, height: 667 })
      47 |   })
        at D:\OneDrive - Interloop Limited\Docs\RMH-Resume\portfolio\__tests__\mobile-navigation.test.ts:44:8

    Error: browserContext.newPage: Test timeout of 300ms exceeded.

  27) [Mobile Chrome] ΓÇ║ __tests__\mobile-navigation.test.ts:415:13 ΓÇ║ Mobile Navigation Tests ΓÇ║ Comprehensive Direct Navigation Matrix ΓÇ║ DIRECT: Resume ΓåÆ Contact 

    [31mTest timeout of 300ms exceeded while running "beforeEach" hook.[39m

      42 |
      43 | test.describe('Mobile Navigation Tests', () => {
    > 44 |   test.beforeEach(async ({ page }) => {
         |        ^
      45 |     // Set mobile viewport
      46 |     await page.setViewportSize({ width: 375, height: 667 })
      47 |   })
        at D:\OneDrive - Interloop Limited\Docs\RMH-Resume\portfolio\__tests__\mobile-navigation.test.ts:44:8

    Error: browserContext.newPage: Test timeout of 300ms exceeded.

  28) [Mobile Chrome] ΓÇ║ __tests__\mobile-navigation.test.ts:415:13 ΓÇ║ Mobile Navigation Tests ΓÇ║ Comprehensive Direct Navigation Matrix ΓÇ║ DIRECT: Projects ΓåÆ Hero 

    [31mTest timeout of 300ms exceeded while running "beforeEach" hook.[39m

      42 |
      43 | test.describe('Mobile Navigation Tests', () => {
    > 44 |   test.beforeEach(async ({ page }) => {
         |        ^
      45 |     // Set mobile viewport
      46 |     await page.setViewportSize({ width: 375, height: 667 })
      47 |   })
        at D:\OneDrive - Interloop Limited\Docs\RMH-Resume\portfolio\__tests__\mobile-navigation.test.ts:44:8

    Error: browserContext.newPage: Test timeout of 300ms exceeded.

  29) [Mobile Chrome] ΓÇ║ __tests__\mobile-navigation.test.ts:415:13 ΓÇ║ Mobile Navigation Tests ΓÇ║ Comprehensive Direct Navigation Matrix ΓÇ║ DIRECT: Projects ΓåÆ Value 

    [31mTest timeout of 300ms exceeded while running "beforeEach" hook.[39m

      42 |
      43 | test.describe('Mobile Navigation Tests', () => {
    > 44 |   test.beforeEach(async ({ page }) => {
         |        ^
      45 |     // Set mobile viewport
      46 |     await page.setViewportSize({ width: 375, height: 667 })
      47 |   })
        at D:\OneDrive - Interloop Limited\Docs\RMH-Resume\portfolio\__tests__\mobile-navigation.test.ts:44:8

    Error: browserContext.newPage: Test timeout of 300ms exceeded.

  30) [Mobile Chrome] ΓÇ║ __tests__\mobile-navigation.test.ts:415:13 ΓÇ║ Mobile Navigation Tests ΓÇ║ Comprehensive Direct Navigation Matrix ΓÇ║ DIRECT: Projects ΓåÆ Work 

    [31mTest timeout of 300ms exceeded while running "beforeEach" hook.[39m

      42 |
      43 | test.describe('Mobile Navigation Tests', () => {
    > 44 |   test.beforeEach(async ({ page }) => {
         |        ^
      45 |     // Set mobile viewport
      46 |     await page.setViewportSize({ width: 375, height: 667 })
      47 |   })
        at D:\OneDrive - Interloop Limited\Docs\RMH-Resume\portfolio\__tests__\mobile-navigation.test.ts:44:8

    Error: browserContext.newPage: Test timeout of 300ms exceeded.

  31) [Mobile Chrome] ΓÇ║ __tests__\mobile-navigation.test.ts:415:13 ΓÇ║ Mobile Navigation Tests ΓÇ║ Comprehensive Direct Navigation Matrix ΓÇ║ DIRECT: Projects ΓåÆ Contact 

    [31mTest timeout of 300ms exceeded while running "beforeEach" hook.[39m

      42 |
      43 | test.describe('Mobile Navigation Tests', () => {
    > 44 |   test.beforeEach(async ({ page }) => {
         |        ^
      45 |     // Set mobile viewport
      46 |     await page.setViewportSize({ width: 375, height: 667 })
      47 |   })
        at D:\OneDrive - Interloop Limited\Docs\RMH-Resume\portfolio\__tests__\mobile-navigation.test.ts:44:8

    Error: browserContext.newPage: Test timeout of 300ms exceeded.

  32) [Mobile Chrome] ΓÇ║ __tests__\mobile-navigation.test.ts:445:15 ΓÇ║ Mobile Navigation Tests ΓÇ║ Comprehensive Direct Navigation Matrix ΓÇ║ DIRECT: Home ΓåÆ Resume 

    [31mTest timeout of 300ms exceeded while running "beforeEach" hook.[39m

      42 |
      43 | test.describe('Mobile Navigation Tests', () => {
    > 44 |   test.beforeEach(async ({ page }) => {
         |        ^
      45 |     // Set mobile viewport
      46 |     await page.setViewportSize({ width: 375, height: 667 })
      47 |   })
        at D:\OneDrive - Interloop Limited\Docs\RMH-Resume\portfolio\__tests__\mobile-navigation.test.ts:44:8

    [31mTearing down "context" exceeded the test timeout of 300ms.[39m

    Error: browserContext.newPage: Test timeout of 300ms exceeded.

  33) [Mobile Chrome] ΓÇ║ __tests__\mobile-navigation.test.ts:445:15 ΓÇ║ Mobile Navigation Tests ΓÇ║ Comprehensive Direct Navigation Matrix ΓÇ║ DIRECT: Home ΓåÆ Projects 

    [31mTest timeout of 300ms exceeded while running "beforeEach" hook.[39m

      42 |
      43 | test.describe('Mobile Navigation Tests', () => {
    > 44 |   test.beforeEach(async ({ page }) => {
         |        ^
      45 |     // Set mobile viewport
      46 |     await page.setViewportSize({ width: 375, height: 667 })
      47 |   })
        at D:\OneDrive - Interloop Limited\Docs\RMH-Resume\portfolio\__tests__\mobile-navigation.test.ts:44:8

    Error: browserContext.newPage: Test timeout of 300ms exceeded.

  34) [Mobile Chrome] ΓÇ║ __tests__\mobile-navigation.test.ts:445:15 ΓÇ║ Mobile Navigation Tests ΓÇ║ Comprehensive Direct Navigation Matrix ΓÇ║ DIRECT: Resume ΓåÆ Home 

    [31mTest timeout of 300ms exceeded while running "beforeEach" hook.[39m

      42 |
      43 | test.describe('Mobile Navigation Tests', () => {
    > 44 |   test.beforeEach(async ({ page }) => {
         |        ^
      45 |     // Set mobile viewport
      46 |     await page.setViewportSize({ width: 375, height: 667 })
      47 |   })
        at D:\OneDrive - Interloop Limited\Docs\RMH-Resume\portfolio\__tests__\mobile-navigation.test.ts:44:8

    [31mTearing down "context" exceeded the test timeout of 300ms.[39m

    Error: browserContext.newPage: Test timeout of 300ms exceeded.

  35) [Mobile Chrome] ΓÇ║ __tests__\mobile-navigation.test.ts:445:15 ΓÇ║ Mobile Navigation Tests ΓÇ║ Comprehensive Direct Navigation Matrix ΓÇ║ DIRECT: Resume ΓåÆ Projects 

    [31mTest timeout of 300ms exceeded while running "beforeEach" hook.[39m

      42 |
      43 | test.describe('Mobile Navigation Tests', () => {
    > 44 |   test.beforeEach(async ({ page }) => {
         |        ^
      45 |     // Set mobile viewport
      46 |     await page.setViewportSize({ width: 375, height: 667 })
      47 |   })
        at D:\OneDrive - Interloop Limited\Docs\RMH-Resume\portfolio\__tests__\mobile-navigation.test.ts:44:8

    Error: browserContext.newPage: Test timeout of 300ms exceeded.

  36) [Mobile Chrome] ΓÇ║ __tests__\mobile-navigation.test.ts:445:15 ΓÇ║ Mobile Navigation Tests ΓÇ║ Comprehensive Direct Navigation Matrix ΓÇ║ DIRECT: Projects ΓåÆ Home 

    [31mTest timeout of 300ms exceeded while running "beforeEach" hook.[39m

      42 |
      43 | test.describe('Mobile Navigation Tests', () => {
    > 44 |   test.beforeEach(async ({ page }) => {
         |        ^
      45 |     // Set mobile viewport
      46 |     await page.setViewportSize({ width: 375, height: 667 })
      47 |   })
        at D:\OneDrive - Interloop Limited\Docs\RMH-Resume\portfolio\__tests__\mobile-navigation.test.ts:44:8

    Error: browserContext.newPage: Test timeout of 300ms exceeded.

  37) [Mobile Chrome] ΓÇ║ __tests__\mobile-navigation.test.ts:445:15 ΓÇ║ Mobile Navigation Tests ΓÇ║ Comprehensive Direct Navigation Matrix ΓÇ║ DIRECT: Projects ΓåÆ Resume 

    [31mTest timeout of 300ms exceeded while running "beforeEach" hook.[39m

      42 |
      43 | test.describe('Mobile Navigation Tests', () => {
    > 44 |   test.beforeEach(async ({ page }) => {
         |        ^
      45 |     // Set mobile viewport
      46 |     await page.setViewportSize({ width: 375, height: 667 })
      47 |   })
        at D:\OneDrive - Interloop Limited\Docs\RMH-Resume\portfolio\__tests__\mobile-navigation.test.ts:44:8

    Error: browserContext.newPage: Test timeout of 300ms exceeded.

  38) [Mobile Chrome] ΓÇ║ __tests__\mobile-navigation.test.ts:483:7 ΓÇ║ Mobile Navigation Tests ΓÇ║ Verify no intermediate navigation when going from Resume to Value 

    [31mTest timeout of 300ms exceeded while running "beforeEach" hook.[39m

      42 |
      43 | test.describe('Mobile Navigation Tests', () => {
    > 44 |   test.beforeEach(async ({ page }) => {
         |        ^
      45 |     // Set mobile viewport
      46 |     await page.setViewportSize({ width: 375, height: 667 })
      47 |   })
        at D:\OneDrive - Interloop Limited\Docs\RMH-Resume\portfolio\__tests__\mobile-navigation.test.ts:44:8

    Error: browserContext.newPage: Test timeout of 300ms exceeded.

  38 failed
    [Mobile Chrome] ΓÇ║ __tests__\mobile-navigation.test.ts:49:7 ΓÇ║ Mobile Navigation Tests ΓÇ║ Mobile menu button is visible on mobile viewport 
    [Mobile Chrome] ΓÇ║ __tests__\mobile-navigation.test.ts:56:7 ΓÇ║ Mobile Navigation Tests ΓÇ║ Mobile menu opens and closes correctly 
    [Mobile Chrome] ΓÇ║ __tests__\mobile-navigation.test.ts:84:7 ΓÇ║ Mobile Navigation Tests ΓÇ║ All navigation links are present in mobile menu 
    [Mobile Chrome] ΓÇ║ __tests__\mobile-navigation.test.ts:98:9 ΓÇ║ Mobile Navigation Tests ΓÇ║ Direct Navigation from Home Page ΓÇ║ Navigate DIRECTLY from Home to Hero section 
    [Mobile Chrome] ΓÇ║ __tests__\mobile-navigation.test.ts:117:9 ΓÇ║ Mobile Navigation Tests ΓÇ║ Direct Navigation from Home Page ΓÇ║ Navigate DIRECTLY from Home to Value section 
    [Mobile Chrome] ΓÇ║ __tests__\mobile-navigation.test.ts:138:9 ΓÇ║ Mobile Navigation Tests ΓÇ║ Direct Navigation from Home Page ΓÇ║ Navigate DIRECTLY from Home to Work section 
    [Mobile Chrome] ΓÇ║ __tests__\mobile-navigation.test.ts:157:9 ΓÇ║ Mobile Navigation Tests ΓÇ║ Direct Navigation from Home Page ΓÇ║ Navigate DIRECTLY from Home to Contact section 
    [Mobile Chrome] ΓÇ║ __tests__\mobile-navigation.test.ts:176:9 ΓÇ║ Mobile Navigation Tests ΓÇ║ Direct Navigation from Home Page ΓÇ║ Navigate DIRECTLY from Home to Resume page 
    [Mobile Chrome] ΓÇ║ __tests__\mobile-navigation.test.ts:201:9 ΓÇ║ Mobile Navigation Tests ΓÇ║ Direct Navigation from Resume Page ΓÇ║ Navigate DIRECTLY from Resume to Home (#hero) 
    [Mobile Chrome] ΓÇ║ __tests__\mobile-navigation.test.ts:221:9 ΓÇ║ Mobile Navigation Tests ΓÇ║ Direct Navigation from Resume Page ΓÇ║ Navigate DIRECTLY from Resume to Value section 
    [Mobile Chrome] ΓÇ║ __tests__\mobile-navigation.test.ts:240:9 ΓÇ║ Mobile Navigation Tests ΓÇ║ Direct Navigation from Resume Page ΓÇ║ Navigate DIRECTLY from Resume to Work section 
    [Mobile Chrome] ΓÇ║ __tests__\mobile-navigation.test.ts:258:9 ΓÇ║ Mobile Navigation Tests ΓÇ║ Direct Navigation from Resume Page ΓÇ║ Navigate DIRECTLY from Resume to Contact section 
    [Mobile Chrome] ΓÇ║ __tests__\mobile-navigation.test.ts:279:9 ΓÇ║ Mobile Navigation Tests ΓÇ║ Direct Navigation from Projects Page ΓÇ║ Navigate DIRECTLY from Projects to Home (#hero) 
    [Mobile Chrome] ΓÇ║ __tests__\mobile-navigation.test.ts:297:9 ΓÇ║ Mobile Navigation Tests ΓÇ║ Direct Navigation from Projects Page ΓÇ║ Navigate DIRECTLY from Projects to Value section 
    [Mobile Chrome] ΓÇ║ __tests__\mobile-navigation.test.ts:315:9 ΓÇ║ Mobile Navigation Tests ΓÇ║ Direct Navigation from Projects Page ΓÇ║ Navigate DIRECTLY from Projects to Work section 
    [Mobile Chrome] ΓÇ║ __tests__\mobile-navigation.test.ts:333:9 ΓÇ║ Mobile Navigation Tests ΓÇ║ Direct Navigation from Projects Page ΓÇ║ Navigate DIRECTLY from Projects to Contact section 
    [Mobile Chrome] ΓÇ║ __tests__\mobile-navigation.test.ts:351:9 ΓÇ║ Mobile Navigation Tests ΓÇ║ Direct Navigation from Projects Page ΓÇ║ Navigate DIRECTLY from Projects to Resume page 
    [Mobile Chrome] ΓÇ║ __tests__\mobile-navigation.test.ts:370:9 ΓÇ║ Mobile Navigation Tests ΓÇ║ Logo Navigation ΓÇ║ Logo navigates DIRECTLY to home from Resume page 
    [Mobile Chrome] ΓÇ║ __tests__\mobile-navigation.test.ts:383:9 ΓÇ║ Mobile Navigation Tests ΓÇ║ Logo Navigation ΓÇ║ Logo navigates DIRECTLY to home from Projects page 
    [Mobile Chrome] ΓÇ║ __tests__\mobile-navigation.test.ts:415:13 ΓÇ║ Mobile Navigation Tests ΓÇ║ Comprehensive Direct Navigation Matrix ΓÇ║ DIRECT: Home ΓåÆ Hero 
    [Mobile Chrome] ΓÇ║ __tests__\mobile-navigation.test.ts:415:13 ΓÇ║ Mobile Navigation Tests ΓÇ║ Comprehensive Direct Navigation Matrix ΓÇ║ DIRECT: Home ΓåÆ Value 
    [Mobile Chrome] ΓÇ║ __tests__\mobile-navigation.test.ts:415:13 ΓÇ║ Mobile Navigation Tests ΓÇ║ Comprehensive Direct Navigation Matrix ΓÇ║ DIRECT: Home ΓåÆ Work 
    [Mobile Chrome] ΓÇ║ __tests__\mobile-navigation.test.ts:415:13 ΓÇ║ Mobile Navigation Tests ΓÇ║ Comprehensive Direct Navigation Matrix ΓÇ║ DIRECT: Home ΓåÆ Contact 
    [Mobile Chrome] ΓÇ║ __tests__\mobile-navigation.test.ts:415:13 ΓÇ║ Mobile Navigation Tests ΓÇ║ Comprehensive Direct Navigation Matrix ΓÇ║ DIRECT: Resume ΓåÆ Hero 
    [Mobile Chrome] ΓÇ║ __tests__\mobile-navigation.test.ts:415:13 ΓÇ║ Mobile Navigation Tests ΓÇ║ Comprehensive Direct Navigation Matrix ΓÇ║ DIRECT: Resume ΓåÆ Value 
    [Mobile Chrome] ΓÇ║ __tests__\mobile-navigation.test.ts:415:13 ΓÇ║ Mobile Navigation Tests ΓÇ║ Comprehensive Direct Navigation Matrix ΓÇ║ DIRECT: Resume ΓåÆ Work 
    [Mobile Chrome] ΓÇ║ __tests__\mobile-navigation.test.ts:415:13 ΓÇ║ Mobile Navigation Tests ΓÇ║ Comprehensive Direct Navigation Matrix ΓÇ║ DIRECT: Resume ΓåÆ Contact 
    [Mobile Chrome] ΓÇ║ __tests__\mobile-navigation.test.ts:415:13 ΓÇ║ Mobile Navigation Tests ΓÇ║ Comprehensive Direct Navigation Matrix ΓÇ║ DIRECT: Projects ΓåÆ Hero 
    [Mobile Chrome] ΓÇ║ __tests__\mobile-navigation.test.ts:415:13 ΓÇ║ Mobile Navigation Tests ΓÇ║ Comprehensive Direct Navigation Matrix ΓÇ║ DIRECT: Projects ΓåÆ Value 
    [Mobile Chrome] ΓÇ║ __tests__\mobile-navigation.test.ts:415:13 ΓÇ║ Mobile Navigation Tests ΓÇ║ Comprehensive Direct Navigation Matrix ΓÇ║ DIRECT: Projects ΓåÆ Work 
    [Mobile Chrome] ΓÇ║ __tests__\mobile-navigation.test.ts:415:13 ΓÇ║ Mobile Navigation Tests ΓÇ║ Comprehensive Direct Navigation Matrix ΓÇ║ DIRECT: Projects ΓåÆ Contact 
    [Mobile Chrome] ΓÇ║ __tests__\mobile-navigation.test.ts:445:15 ΓÇ║ Mobile Navigation Tests ΓÇ║ Comprehensive Direct Navigation Matrix ΓÇ║ DIRECT: Home ΓåÆ Resume 
    [Mobile Chrome] ΓÇ║ __tests__\mobile-navigation.test.ts:445:15 ΓÇ║ Mobile Navigation Tests ΓÇ║ Comprehensive Direct Navigation Matrix ΓÇ║ DIRECT: Home ΓåÆ Projects 
    [Mobile Chrome] ΓÇ║ __tests__\mobile-navigation.test.ts:445:15 ΓÇ║ Mobile Navigation Tests ΓÇ║ Comprehensive Direct Navigation Matrix ΓÇ║ DIRECT: Resume ΓåÆ Home 
    [Mobile Chrome] ΓÇ║ __tests__\mobile-navigation.test.ts:445:15 ΓÇ║ Mobile Navigation Tests ΓÇ║ Comprehensive Direct Navigation Matrix ΓÇ║ DIRECT: Resume ΓåÆ Projects 
    [Mobile Chrome] ΓÇ║ __tests__\mobile-navigation.test.ts:445:15 ΓÇ║ Mobile Navigation Tests ΓÇ║ Comprehensive Direct Navigation Matrix ΓÇ║ DIRECT: Projects ΓåÆ Home 
    [Mobile Chrome] ΓÇ║ __tests__\mobile-navigation.test.ts:445:15 ΓÇ║ Mobile Navigation Tests ΓÇ║ Comprehensive Direct Navigation Matrix ΓÇ║ DIRECT: Projects ΓåÆ Resume 
    [Mobile Chrome] ΓÇ║ __tests__\mobile-navigation.test.ts:483:7 ΓÇ║ Mobile Navigation Tests ΓÇ║ Verify no intermediate navigation when going from Resume to Value 
